Traceback (most recent call last):
  File "/usr/local/lib/python3.10/dist-packages/jupyter_cache/executors/utils.py", line 58, in single_nb_execution
    executenb(
  File "/usr/local/lib/python3.10/dist-packages/nbclient/client.py", line 1314, in execute
    return NotebookClient(nb=nb, resources=resources, km=km, **kwargs).execute()
  File "/usr/local/lib/python3.10/dist-packages/jupyter_core/utils/__init__.py", line 165, in wrapped
    return loop.run_until_complete(inner)
  File "/usr/lib/python3.10/asyncio/base_events.py", line 649, in run_until_complete
    return future.result()
  File "/usr/local/lib/python3.10/dist-packages/nbclient/client.py", line 709, in async_execute
    await self.async_execute_cell(
  File "/usr/local/lib/python3.10/dist-packages/nbclient/client.py", line 1062, in async_execute_cell
    await self._check_raise_for_error(cell, cell_index, exec_reply)
  File "/usr/local/lib/python3.10/dist-packages/nbclient/client.py", line 918, in _check_raise_for_error
    raise CellExecutionError.from_cell_and_msg(cell, exec_reply_content)
nbclient.exceptions.CellExecutionError: An error occurred while executing the following cell:
------------------
from google.colab import drive
drive.mount('/content/drive')
------------------

----- stderr -----
ERROR:root:Internal Python error in the inspect module.
Below is the traceback from this internal error.
----- stdout -----
Traceback (most recent call last):
  File "/usr/local/lib/python3.10/dist-packages/IPython/core/interactiveshell.py", line 3553, in run_code
    exec(code_obj, self.user_global_ns, self.user_ns)
  File "<ipython-input-2-d5df0069828e>", line 2, in <cell line: 2>
    drive.mount('/content/drive')
  File "/usr/local/lib/python3.10/dist-packages/google/colab/drive.py", line 100, in mount
    return _mount(
  File "/usr/local/lib/python3.10/dist-packages/google/colab/drive.py", line 137, in _mount
    _message.blocking_request(
  File "/usr/local/lib/python3.10/dist-packages/google/colab/_message.py", line 176, in blocking_request
    return read_reply_from_input(request_id, timeout_sec)
  File "/usr/local/lib/python3.10/dist-packages/google/colab/_message.py", line 96, in read_reply_from_input
    time.sleep(0.025)
KeyboardInterrupt

During handling of the above exception, another exception occurred:

Traceback (most recent call last):
  File "/usr/local/lib/python3.10/dist-packages/IPython/core/interactiveshell.py", line 2099, in showtraceback
    stb = value._render_traceback_()
AttributeError: 'KeyboardInterrupt' object has no attribute '_render_traceback_'

During handling of the above exception, another exception occurred:

Traceback (most recent call last):
  File "/usr/local/lib/python3.10/dist-packages/IPython/core/ultratb.py", line 1101, in get_records
    return _fixed_getinnerframes(etb, number_of_lines_of_context, tb_offset)
  File "/usr/local/lib/python3.10/dist-packages/IPython/core/ultratb.py", line 248, in wrapped
    return f(*args, **kwargs)
  File "/usr/local/lib/python3.10/dist-packages/IPython/core/ultratb.py", line 281, in _fixed_getinnerframes
    records = fix_frame_records_filenames(inspect.getinnerframes(etb, context))
  File "/usr/lib/python3.10/inspect.py", line 1662, in getinnerframes
    frameinfo = (tb.tb_frame,) + getframeinfo(tb, context)
  File "/usr/lib/python3.10/inspect.py", line 1624, in getframeinfo
    lines, lnum = findsource(frame)
  File "/usr/local/lib/python3.10/dist-packages/IPython/core/ultratb.py", line 182, in findsource
    lines = linecache.getlines(file, globals_dict)
  File "/usr/lib/python3.10/linecache.py", line 46, in getlines
    return updatecache(filename, module_globals)
  File "/usr/lib/python3.10/linecache.py", line 137, in updatecache
    lines = fp.readlines()
  File "/usr/lib/python3.10/codecs.py", line 319, in decode
    def decode(self, input, final=False):
KeyboardInterrupt
------------------

[0;31m---------------------------------------------------------------------------[0m
[0;31mKeyboardInterrupt[0m                         Traceback (most recent call last)
    [0;31m[... skipping hidden 1 frame][0m

[0;32m<ipython-input-2-d5df0069828e>[0m in [0;36m<cell line: 2>[0;34m()[0m
[1;32m      1[0m [0;32mfrom[0m [0mgoogle[0m[0;34m.[0m[0mcolab[0m [0;32mimport[0m [0mdrive[0m[0;34m[0m[0;34m[0m[0m
[0;32m----> 2[0;31m [0mdrive[0m[0;34m.[0m[0mmount[0m[0;34m([0m[0;34m'/content/drive'[0m[0;34m)[0m[0;34m[0m[0;34m[0m[0m
[0m
[0;32m/usr/local/lib/python3.10/dist-packages/google/colab/drive.py[0m in [0;36mmount[0;34m(mountpoint, force_remount, timeout_ms, readonly)[0m
[1;32m     99[0m   [0;34m"""Mount your Google Drive at the specified mountpoint path."""[0m[0;34m[0m[0;34m[0m[0m
[0;32m--> 100[0;31m   return _mount(
[0m[1;32m    101[0m       [0mmountpoint[0m[0;34m,[0m[0;34m[0m[0;34m[0m[0m

[0;32m/usr/local/lib/python3.10/dist-packages/google/colab/drive.py[0m in [0;36m_mount[0;34m(mountpoint, force_remount, timeout_ms, ephemeral, readonly)[0m
[1;32m    136[0m   [0;32mif[0m [0mephemeral[0m[0;34m:[0m[0;34m[0m[0;34m[0m[0m
[0;32m--> 137[0;31m     _message.blocking_request(
[0m[1;32m    138[0m         [0;34m'request_auth'[0m[0;34m,[0m[0;34m[0m[0;34m[0m[0m

[0;32m/usr/local/lib/python3.10/dist-packages/google/colab/_message.py[0m in [0;36mblocking_request[0;34m(request_type, request, timeout_sec, parent)[0m
[1;32m    175[0m   )
[0;32m--> 176[0;31m   [0;32mreturn[0m [0mread_reply_from_input[0m[0;34m([0m[0mrequest_id[0m[0;34m,[0m [0mtimeout_sec[0m[0;34m)[0m[0;34m[0m[0;34m[0m[0m
[0m
[0;32m/usr/local/lib/python3.10/dist-packages/google/colab/_message.py[0m in [0;36mread_reply_from_input[0;34m(message_id, timeout_sec)[0m
[1;32m     95[0m     [0;32mif[0m [0mreply[0m [0;34m==[0m [0m_NOT_READY[0m [0;32mor[0m [0;32mnot[0m [0misinstance[0m[0;34m([0m[0mreply[0m[0;34m,[0m [0mdict[0m[0;34m)[0m[0;34m:[0m[0;34m[0m[0;34m[0m[0m
[0;32m---> 96[0;31m       [0mtime[0m[0;34m.[0m[0msleep[0m[0;34m([0m[0;36m0.025[0m[0;34m)[0m[0;34m[0m[0;34m[0m[0m
[0m[1;32m     97[0m       [0;32mcontinue[0m[0;34m[0m[0;34m[0m[0m

[0;31mKeyboardInterrupt[0m: 

During handling of the above exception, another exception occurred:

[0;31mAttributeError[0m                            Traceback (most recent call last)
[0;32m/usr/local/lib/python3.10/dist-packages/IPython/core/interactiveshell.py[0m in [0;36mshowtraceback[0;34m(self, exc_tuple, filename, tb_offset, exception_only, running_compiled_code)[0m
[1;32m   2098[0m                         [0;31m# in the engines. This should return a list of strings.[0m[0;34m[0m[0;34m[0m[0m
[0;32m-> 2099[0;31m                         [0mstb[0m [0;34m=[0m [0mvalue[0m[0;34m.[0m[0m_render_traceback_[0m[0;34m([0m[0;34m)[0m[0;34m[0m[0;34m[0m[0m
[0m[1;32m   2100[0m                     [0;32mexcept[0m [0mException[0m[0;34m:[0m[0;34m[0m[0;34m[0m[0m

[0;31mAttributeError[0m: 'KeyboardInterrupt' object has no attribute '_render_traceback_'

During handling of the above exception, another exception occurred:

[0;31mTypeError[0m                                 Traceback (most recent call last)
    [0;31m[... skipping hidden 1 frame][0m

[0;32m/usr/local/lib/python3.10/dist-packages/IPython/core/interactiveshell.py[0m in [0;36mshowtraceback[0;34m(self, exc_tuple, filename, tb_offset, exception_only, running_compiled_code)[0m
[1;32m   2099[0m                         [0mstb[0m [0;34m=[0m [0mvalue[0m[0;34m.[0m[0m_render_traceback_[0m[0;34m([0m[0;34m)[0m[0;34m[0m[0;34m[0m[0m
[1;32m   2100[0m                     [0;32mexcept[0m [0mException[0m[0;34m:[0m[0;34m[0m[0;34m[0m[0m
[0;32m-> 2101[0;31m                         stb = self.InteractiveTB.structured_traceback(etype,
[0m[1;32m   2102[0m                                             value, tb, tb_offset=tb_offset)
[1;32m   2103[0m [0;34m[0m[0m

[0;32m/usr/local/lib/python3.10/dist-packages/IPython/core/ultratb.py[0m in [0;36mstructured_traceback[0;34m(self, etype, value, tb, tb_offset, number_of_lines_of_context)[0m
[1;32m   1365[0m         [0;32melse[0m[0;34m:[0m[0;34m[0m[0;34m[0m[0m
[1;32m   1366[0m             [0mself[0m[0;34m.[0m[0mtb[0m [0;34m=[0m [0mtb[0m[0;34m[0m[0;34m[0m[0m
[0;32m-> 1367[0;31m         return FormattedTB.structured_traceback(
[0m[1;32m   1368[0m             self, etype, value, tb, tb_offset, number_of_lines_of_context)
[1;32m   1369[0m [0;34m[0m[0m

[0;32m/usr/local/lib/python3.10/dist-packages/IPython/core/ultratb.py[0m in [0;36mstructured_traceback[0;34m(self, etype, value, tb, tb_offset, number_of_lines_of_context)[0m
[1;32m   1265[0m         [0;32mif[0m [0mmode[0m [0;32min[0m [0mself[0m[0;34m.[0m[0mverbose_modes[0m[0;34m:[0m[0;34m[0m[0;34m[0m[0m
[1;32m   1266[0m             [0;31m# Verbose modes need a full traceback[0m[0;34m[0m[0;34m[0m[0m
[0;32m-> 1267[0;31m             return VerboseTB.structured_traceback(
[0m[1;32m   1268[0m                 [0mself[0m[0;34m,[0m [0metype[0m[0;34m,[0m [0mvalue[0m[0;34m,[0m [0mtb[0m[0;34m,[0m [0mtb_offset[0m[0;34m,[0m [0mnumber_of_lines_of_context[0m[0;34m[0m[0;34m[0m[0m
[1;32m   1269[0m             )

[0;32m/usr/local/lib/python3.10/dist-packages/IPython/core/ultratb.py[0m in [0;36mstructured_traceback[0;34m(self, etype, evalue, etb, tb_offset, number_of_lines_of_context)[0m
[1;32m   1122[0m         [0;34m"""Return a nice text document describing the traceback."""[0m[0;34m[0m[0;34m[0m[0m
[1;32m   1123[0m [0;34m[0m[0m
[0;32m-> 1124[0;31m         formatted_exception = self.format_exception_as_a_whole(etype, evalue, etb, number_of_lines_of_context,
[0m[1;32m   1125[0m                                                                tb_offset)
[1;32m   1126[0m [0;34m[0m[0m

[0;32m/usr/local/lib/python3.10/dist-packages/IPython/core/ultratb.py[0m in [0;36mformat_exception_as_a_whole[0;34m(self, etype, evalue, etb, number_of_lines_of_context, tb_offset)[0m
[1;32m   1080[0m [0;34m[0m[0m
[1;32m   1081[0m [0;34m[0m[0m
[0;32m-> 1082[0;31m         [0mlast_unique[0m[0;34m,[0m [0mrecursion_repeat[0m [0;34m=[0m [0mfind_recursion[0m[0;34m([0m[0morig_etype[0m[0;34m,[0m [0mevalue[0m[0;34m,[0m [0mrecords[0m[0;34m)[0m[0;34m[0m[0;34m[0m[0m
[0m[1;32m   1083[0m [0;34m[0m[0m
[1;32m   1084[0m         [0mframes[0m [0;34m=[0m [0mself[0m[0;34m.[0m[0mformat_records[0m[0;34m([0m[0mrecords[0m[0;34m,[0m [0mlast_unique[0m[0;34m,[0m [0mrecursion_repeat[0m[0;34m)[0m[0;34m[0m[0;34m[0m[0m

[0;32m/usr/local/lib/python3.10/dist-packages/IPython/core/ultratb.py[0m in [0;36mfind_recursion[0;34m(etype, value, records)[0m
[1;32m    380[0m     [0;31m# first frame (from in to out) that looks different.[0m[0;34m[0m[0;34m[0m[0m
[1;32m    381[0m     [0;32mif[0m [0;32mnot[0m [0mis_recursion_error[0m[0;34m([0m[0metype[0m[0;34m,[0m [0mvalue[0m[0;34m,[0m [0mrecords[0m[0;34m)[0m[0;34m:[0m[0;34m[0m[0;34m[0m[0m
[0;32m--> 382[0;31m         [0;32mreturn[0m [0mlen[0m[0;34m([0m[0mrecords[0m[0;34m)[0m[0;34m,[0m [0;36m0[0m[0;34m[0m[0;34m[0m[0m
[0m[1;32m    383[0m [0;34m[0m[0m
[1;32m    384[0m     [0;31m# Select filename, lineno, func_name to track frames with[0m[0;34m[0m[0;34m[0m[0m

[0;31mTypeError[0m: object of type 'NoneType' has no len()

